ID,Form,Lemma,MonPOS,MonFeature,MonTag,POS,Feature,Morph,SenseTag,Definition,Example
1,ཀ་ཀ་,ཀ་ཀ་1, མིང་ཚིག,   ,,,,,བྱ་,བྱ་སྐྱ་ཀ,
,,ཀ་ཀ་2,,,,,,,བྱ་,བྱ་སྐྱ་ཀའི་སྐད།,
,,ཀ་ཀ་3,,,,,,,ལུག་,ལུག་གི་ཐེ་གེའམ་ཨ་ཅུག ,
,,ཀ་ཀ་4,,,༡ཡུལ་སྐད།,,,,བྱིས་པ་,བྱིས་པ་ཆུང་ངུའི་གྱོན་པ་ལ་ཀ་ཀ་ཟེར། དཔེ་རིས་ལ་གཟིགས།,
